// Jest Snapshot v1, https://goo.gl/fbAQLP

exports[`email interface should create an interface of functions to do email stuff with 1`] = `
Object {
  "authenticate": [Function],
  "makeHandleEmail": [Function],
  "renderHTML": [Function],
  "sendEmail": [Function],
  "transport": "hi I'm paul",
}
`;
