// Jest Snapshot v1, https://goo.gl/fbAQLP

exports[`render email template should render an email template from react to mjml 1`] = `
"<div><!doctype html><html xmlns=\\"http://www.w3.org/1999/xhtml\\" xmlns:v=\\"urn:schemas-microsoft-com:vml\\" xmlns:o=\\"urn:schemas-microsoft-com:office:office\\"><head>
  <title></title>
  <!--[if !mso]><!-- -->
  <meta http-equiv=\\"X-UA-Compatible\\" content=\\"IE=edge\\">
  <!--<![endif]-->
<meta http-equiv=\\"Content-Type\\" content=\\"text/html; charset=UTF-8\\">
<meta name=\\"viewport\\" content=\\"width=device-width,initial-scale=1\\">
<style type=\\"text/css\\">
  #outlook a { padding: 0; }
  .ReadMsgBody { width: 100%; }
  .ExternalClass { width: 100%; }
  .ExternalClass * { line-height:100%; }
  body { margin: 0; padding: 0; -webkit-text-size-adjust: 100%; -ms-text-size-adjust: 100%; }
  table, td { border-collapse:collapse; mso-table-lspace: 0pt; mso-table-rspace: 0pt; }
  img { border: 0; height: auto; line-height: 100%; outline: none; text-decoration: none; -ms-interpolation-mode: bicubic; }
  p { display: block; margin: 13px 0; }
</style>
<!--[if !mso]><!-->
<style type=\\"text/css\\">
  @media only screen and (max-width:480px) {
    @-ms-viewport { width:320px; }
    @viewport { width:320px; }
  }
</style>
<!--<![endif]-->
<!--[if mso]>
<xml>
  <o:OfficeDocumentSettings>
    <o:AllowPNG/>
    <o:PixelsPerInch>96</o:PixelsPerInch>
  </o:OfficeDocumentSettings>
</xml>
<![endif]-->
<!--[if lte mso 11]>
<style type=\\"text/css\\">
  .outlook-group-fix {
    width:100% !important;
  }
</style>
<![endif]-->
<style type=\\"text/css\\">
                     .display-none {
                         display: none !important;
                     }
                 </style></head>
<body>
  
  <div class=\\"mj-container\\"><!--[if mso | IE]>
      <table role=\\"presentation\\" border=\\"0\\" cellpadding=\\"0\\" cellspacing=\\"0\\" width=\\"600\\" align=\\"center\\" style=\\"width:600px;\\">
        <tr>
          <td style=\\"line-height:0px;font-size:0px;mso-line-height-rule:exactly;\\">
      <![endif]--><div class=\\"mj-container\\"><!--[if mso | IE]>
      <table role=\\"presentation\\" border=\\"0\\" cellpadding=\\"0\\" cellspacing=\\"0\\" width=\\"600\\" align=\\"center\\" style=\\"width:600px;\\">
        <tr>
          <td style=\\"line-height:0px;font-size:0px;mso-line-height-rule:exactly;\\">
      <![endif]--><div style=\\"cursor:auto;color:#000000;font-family:Helvetica, Arial, sans-serif;font-size:13px;line-height:22px;text-align:left;\\"><p>this is a simple test</p></div><!--[if mso | IE]>
      </td></tr></table>
      <![endif]--></div><!--[if mso | IE]>
      </td></tr></table>
      <![endif]--></div>

</body></html></div>"
`;
